---
source: tooling/sanctifier-core/tests/detector_snapshots.rs
expression: findings
---
- rule_name: SANCT_MISSING_CONTRACTMETA
  severity: Info
  message: "Soroban contract 'MissingMetadata' does not declare contractmeta! discoverability metadata"
  location: "MissingMetadata:4"
  suggestion: "Add a contractmeta! entry with concise public metadata (for example a Description) so explorers and tooling can identify the contract."
